// Jest Snapshot v1, https://goo.gl/fbAQLP

exports[`Utils Get plugin data for a wiki based plugin 1`] = `
Object {
  "buildDate": "2012-10-10",
  "categories": Array [
    "languagesPlatforms",
    "buildManagement",
  ],
  "children": Array [],
  "dependencies": Array [
    Object {
      "implied": true,
      "name": "external-monitor-job",
      "optional": false,
      "title": "External Monitor Job Type",
      "version": "1.0",
    },
    Object {
      "implied": true,
      "name": "ldap",
      "optional": false,
      "title": "LDAP",
      "version": "1.0",
    },
    Object {
      "implied": true,
      "name": "pam-auth",
      "optional": false,
      "title": "PAM Authentication",
      "version": "1.0",
    },
    Object {
      "implied": true,
      "name": "mailer",
      "optional": false,
      "title": "Mailer",
      "version": "1.2",
    },
    Object {
      "implied": true,
      "name": "matrix-auth",
      "optional": false,
      "title": "Matrix Authorization Strategy",
      "version": "1.0.2",
    },
    Object {
      "implied": true,
      "name": "windows-slaves",
      "optional": false,
      "title": "WMI Windows Agents",
      "version": "1.0",
    },
    Object {
      "implied": true,
      "name": "antisamy-markup-formatter",
      "optional": false,
      "title": "OWASP Markup Formatter",
      "version": "1.0",
    },
    Object {
      "implied": true,
      "name": "matrix-project",
      "optional": false,
      "title": "Matrix Project",
      "version": "1.0",
    },
    Object {
      "implied": true,
      "name": "junit",
      "optional": false,
      "title": "JUnit",
      "version": "1.0",
    },
    Object {
      "implied": true,
      "name": "bouncycastle-api",
      "optional": false,
      "title": "bouncycastle API",
      "version": "2.16.0",
    },
    Object {
      "implied": true,
      "name": "command-launcher",
      "optional": false,
      "title": "Command Agent Launcher",
      "version": "1.0",
    },
    Object {
      "implied": true,
      "name": "jdk-tool",
      "optional": false,
      "title": "Oracle Java SE Development Kit Installer",
      "version": "1.0",
    },
    Object {
      "implied": true,
      "name": "jaxb",
      "optional": false,
      "title": "JAXB",
      "version": "2.3.0",
    },
    Object {
      "implied": true,
      "name": "trilead-api",
      "optional": false,
      "title": "Trilead API",
      "version": "1.0.4",
    },
  ],
  "excerpt": "Talks to iOS devices connected to slaves and do stuff.",
  "firstRelease": "2012-10-07T18:59:35.16Z",
  "gav": "org.jenkins-ci.plugins:ios-device-connector:1.2",
  "id": "ios-device-connector",
  "internal": Object {
    "contentDigest": "7da41342fb756c851d4b5a9b6b6f9f3e",
    "type": "JenkinsPlugin",
  },
  "labels": Array [
    "builder",
    "ios",
  ],
  "maintainers": Array [
    Object {
      "email": null,
      "id": "kohsuke",
      "name": null,
    },
  ],
  "name": "ios-device-connector",
  "parent": null,
  "previousTimestamp": "2012-10-08T20:04:52.00Z",
  "previousVersion": "1.1",
  "releaseTimestamp": "2012-10-10T17:27:58.00Z",
  "requiredCore": "1.466",
  "scm": Object {
    "inLatestRelease": null,
    "issues": null,
    "link": "https://github.com/jenkinsci/ios-device-connector-plugin",
    "pullRequests": null,
    "sinceLatestRelease": null,
  },
  "securityWarnings": null,
  "sha1": "B2z2wTyA8l5uwz9HqD+xhG9Hjns=",
  "stats": Object {
    "currentInstalls": 365,
    "installations": Array [
      Object {
        "timestamp": 1349049600000,
        "total": 55,
      },
      Object {
        "timestamp": 1351728000000,
        "total": 97,
      },
      Object {
        "timestamp": 1354320000000,
        "total": 123,
      },
      Object {
        "timestamp": 1356998400000,
        "total": 177,
      },
      Object {
        "timestamp": 1359676800000,
        "total": 186,
      },
      Object {
        "timestamp": 1362096000000,
        "total": 192,
      },
      Object {
        "timestamp": 1364774400000,
        "total": 229,
      },
      Object {
        "timestamp": 1367366400000,
        "total": 235,
      },
      Object {
        "timestamp": 1370044800000,
        "total": 256,
      },
      Object {
        "timestamp": 1372636800000,
        "total": 262,
      },
      Object {
        "timestamp": 1375315200000,
        "total": 282,
      },
      Object {
        "timestamp": 1377993600000,
        "total": 295,
      },
      Object {
        "timestamp": 1380585600000,
        "total": 302,
      },
      Object {
        "timestamp": 1383264000000,
        "total": 299,
      },
      Object {
        "timestamp": 1385856000000,
        "total": 300,
      },
      Object {
        "timestamp": 1388534400000,
        "total": 312,
      },
      Object {
        "timestamp": 1391212800000,
        "total": 318,
      },
      Object {
        "timestamp": 1393632000000,
        "total": 330,
      },
      Object {
        "timestamp": 1396310400000,
        "total": 321,
      },
      Object {
        "timestamp": 1398902400000,
        "total": 343,
      },
      Object {
        "timestamp": 1401580800000,
        "total": 337,
      },
      Object {
        "timestamp": 1404172800000,
        "total": 360,
      },
      Object {
        "timestamp": 1406851200000,
        "total": 357,
      },
      Object {
        "timestamp": 1409529600000,
        "total": 371,
      },
      Object {
        "timestamp": 1412121600000,
        "total": 376,
      },
      Object {
        "timestamp": 1414800000000,
        "total": 367,
      },
      Object {
        "timestamp": 1417392000000,
        "total": 356,
      },
      Object {
        "timestamp": 1420070400000,
        "total": 371,
      },
      Object {
        "timestamp": 1422748800000,
        "total": 357,
      },
      Object {
        "timestamp": 1425168000000,
        "total": 398,
      },
      Object {
        "timestamp": 1427846400000,
        "total": 380,
      },
      Object {
        "timestamp": 1430438400000,
        "total": 373,
      },
      Object {
        "timestamp": 1433116800000,
        "total": 397,
      },
      Object {
        "timestamp": 1435708800000,
        "total": 399,
      },
      Object {
        "timestamp": 1438387200000,
        "total": 401,
      },
      Object {
        "timestamp": 1441065600000,
        "total": 403,
      },
      Object {
        "timestamp": 1443657600000,
        "total": 415,
      },
      Object {
        "timestamp": 1446336000000,
        "total": 400,
      },
      Object {
        "timestamp": 1448928000000,
        "total": 414,
      },
      Object {
        "timestamp": 1451606400000,
        "total": 421,
      },
      Object {
        "timestamp": 1454284800000,
        "total": 363,
      },
      Object {
        "timestamp": 1456790400000,
        "total": 360,
      },
      Object {
        "timestamp": 1459468800000,
        "total": 359,
      },
      Object {
        "timestamp": 1462060800000,
        "total": 386,
      },
      Object {
        "timestamp": 1464739200000,
        "total": 390,
      },
      Object {
        "timestamp": 1467331200000,
        "total": 353,
      },
      Object {
        "timestamp": 1470009600000,
        "total": 373,
      },
      Object {
        "timestamp": 1472688000000,
        "total": 385,
      },
      Object {
        "timestamp": 1475280000000,
        "total": 357,
      },
      Object {
        "timestamp": 1477958400000,
        "total": 354,
      },
      Object {
        "timestamp": 1480550400000,
        "total": 356,
      },
      Object {
        "timestamp": 1483228800000,
        "total": 359,
      },
      Object {
        "timestamp": 1485907200000,
        "total": 358,
      },
      Object {
        "timestamp": 1488326400000,
        "total": 374,
      },
      Object {
        "timestamp": 1491004800000,
        "total": 348,
      },
      Object {
        "timestamp": 1493596800000,
        "total": 345,
      },
      Object {
        "timestamp": 1496275200000,
        "total": 352,
      },
      Object {
        "timestamp": 1498867200000,
        "total": 350,
      },
      Object {
        "timestamp": 1501545600000,
        "total": 339,
      },
      Object {
        "timestamp": 1504224000000,
        "total": 370,
      },
      Object {
        "timestamp": 1506816000000,
        "total": 357,
      },
      Object {
        "timestamp": 1509494400000,
        "total": 384,
      },
      Object {
        "timestamp": 1512086400000,
        "total": 361,
      },
      Object {
        "timestamp": 1514764800000,
        "total": 372,
      },
      Object {
        "timestamp": 1517443200000,
        "total": 358,
      },
      Object {
        "timestamp": 1519862400000,
        "total": 370,
      },
      Object {
        "timestamp": 1522540800000,
        "total": 356,
      },
      Object {
        "timestamp": 1525132800000,
        "total": 367,
      },
      Object {
        "timestamp": 1527811200000,
        "total": 367,
      },
      Object {
        "timestamp": 1530403200000,
        "total": 396,
      },
      Object {
        "timestamp": 1533081600000,
        "total": 423,
      },
      Object {
        "timestamp": 1535760000000,
        "total": 410,
      },
      Object {
        "timestamp": 1538352000000,
        "total": 427,
      },
      Object {
        "timestamp": 1541030400000,
        "total": 440,
      },
      Object {
        "timestamp": 1543640400000,
        "total": 429,
      },
      Object {
        "timestamp": 1546318800000,
        "total": 428,
      },
      Object {
        "timestamp": 1548997200000,
        "total": 430,
      },
      Object {
        "timestamp": 1551416400000,
        "total": 473,
      },
      Object {
        "timestamp": 1554091200000,
        "total": 455,
      },
      Object {
        "timestamp": 1556683200000,
        "total": 446,
      },
      Object {
        "timestamp": 1559361600000,
        "total": 417,
      },
      Object {
        "timestamp": 1561953600000,
        "total": 425,
      },
      Object {
        "timestamp": 1564632000000,
        "total": 410,
      },
      Object {
        "timestamp": 1567310400000,
        "total": 409,
      },
      Object {
        "timestamp": 1569902400000,
        "total": 407,
      },
      Object {
        "timestamp": 1572580800000,
        "total": 380,
      },
      Object {
        "timestamp": 1575176400000,
        "total": 365,
      },
    ],
    "installationsPerVersion": Array [
      Object {
        "total": 364,
        "version": "1.2",
      },
      Object {
        "total": 1,
        "version": "1.3-SNAPSHOT (private)",
      },
    ],
    "installationsPercentage": Array [
      Object {
        "percentage": 0.10514242018734468,
        "timestamp": 1349049600000,
      },
      Object {
        "percentage": 0.18167175472440208,
        "timestamp": 1351728000000,
      },
      Object {
        "percentage": 0.2390159538291133,
        "timestamp": 1354320000000,
      },
      Object {
        "percentage": 0.3111048616725841,
        "timestamp": 1356998400000,
      },
      Object {
        "percentage": 0.3244148323856699,
        "timestamp": 1359676800000,
      },
      Object {
        "percentage": 0.3109664253437637,
        "timestamp": 1362096000000,
      },
      Object {
        "percentage": 0.35684233490198525,
        "timestamp": 1364774400000,
      },
      Object {
        "percentage": 0.35990504632820275,
        "timestamp": 1367366400000,
      },
      Object {
        "percentage": 0.38952541805511176,
        "timestamp": 1370044800000,
      },
      Object {
        "percentage": 0.37967712952496885,
        "timestamp": 1372636800000,
      },
      Object {
        "percentage": 0.4127090986257665,
        "timestamp": 1375315200000,
      },
      Object {
        "percentage": 0.4217961366333519,
        "timestamp": 1377993600000,
      },
      Object {
        "percentage": 0.4070464868653377,
        "timestamp": 1380585600000,
      },
      Object {
        "percentage": 0.404518703916661,
        "timestamp": 1383264000000,
      },
      Object {
        "percentage": 0.4160829946880071,
        "timestamp": 1385856000000,
      },
      Object {
        "percentage": 0.4048898232500195,
        "timestamp": 1388534400000,
      },
      Object {
        "percentage": 0.4044823770335415,
        "timestamp": 1391212800000,
      },
      Object {
        "percentage": 0.3987915407854985,
        "timestamp": 1393632000000,
      },
      Object {
        "percentage": 0.38414590364041074,
        "timestamp": 1396310400000,
      },
      Object {
        "percentage": 0.4027949034114262,
        "timestamp": 1398902400000,
      },
      Object {
        "percentage": 0.39119634109534973,
        "timestamp": 1401580800000,
      },
      Object {
        "percentage": 0.39365343189248886,
        "timestamp": 1404172800000,
      },
      Object {
        "percentage": 0.3908259893809185,
        "timestamp": 1406851200000,
      },
      Object {
        "percentage": 0.386752426324184,
        "timestamp": 1409529600000,
      },
      Object {
        "percentage": 0.3798018161799614,
        "timestamp": 1412121600000,
      },
      Object {
        "percentage": 0.3716004131143557,
        "timestamp": 1414800000000,
      },
      Object {
        "percentage": 0.36080959185948697,
        "timestamp": 1417392000000,
      },
      Object {
        "percentage": 0.3602221531769458,
        "timestamp": 1420070400000,
      },
      Object {
        "percentage": 0.34367569336811804,
        "timestamp": 1422748800000,
      },
      Object {
        "percentage": 0.3538312456104478,
        "timestamp": 1425168000000,
      },
      Object {
        "percentage": 0.34005691478889627,
        "timestamp": 1427846400000,
      },
      Object {
        "percentage": 0.33394212863486605,
        "timestamp": 1430438400000,
      },
      Object {
        "percentage": 0.33768266335505165,
        "timestamp": 1433116800000,
      },
      Object {
        "percentage": 0.329855657148526,
        "timestamp": 1435708800000,
      },
      Object {
        "percentage": 0.3344063245325817,
        "timestamp": 1438387200000,
      },
      Object {
        "percentage": 0.32622333751568383,
        "timestamp": 1441065600000,
      },
      Object {
        "percentage": 0.32921875991622773,
        "timestamp": 1443657600000,
      },
      Object {
        "percentage": 0.31493831145824314,
        "timestamp": 1446336000000,
      },
      Object {
        "percentage": 0.3262025765275972,
        "timestamp": 1448928000000,
      },
      Object {
        "percentage": 0.3318880567599527,
        "timestamp": 1451606400000,
      },
      Object {
        "percentage": 0.33677530685518664,
        "timestamp": 1454284800000,
      },
      Object {
        "percentage": 0.3286770747740345,
        "timestamp": 1456790400000,
      },
      Object {
        "percentage": 0.29094504461427495,
        "timestamp": 1459468800000,
      },
      Object {
        "percentage": 0.29628492477740254,
        "timestamp": 1462060800000,
      },
      Object {
        "percentage": 0.28994342386011346,
        "timestamp": 1464739200000,
      },
      Object {
        "percentage": 0.2711026119546268,
        "timestamp": 1467331200000,
      },
      Object {
        "percentage": 0.2821269192950609,
        "timestamp": 1470009600000,
      },
      Object {
        "percentage": 0.28837871240777496,
        "timestamp": 1472688000000,
      },
      Object {
        "percentage": 0.26892857949965726,
        "timestamp": 1475280000000,
      },
      Object {
        "percentage": 0.2593045656648525,
        "timestamp": 1477958400000,
      },
      Object {
        "percentage": 0.2661960878147993,
        "timestamp": 1480550400000,
      },
      Object {
        "percentage": 0.2546406304306193,
        "timestamp": 1483228800000,
      },
      Object {
        "percentage": 0.2565903585097691,
        "timestamp": 1485907200000,
      },
      Object {
        "percentage": 0.2491506228765572,
        "timestamp": 1488326400000,
      },
      Object {
        "percentage": 0.24144701694985812,
        "timestamp": 1491004800000,
      },
      Object {
        "percentage": 0.22869643034702197,
        "timestamp": 1493596800000,
      },
      Object {
        "percentage": 0.23335366338734057,
        "timestamp": 1496275200000,
      },
      Object {
        "percentage": 0.2327684818174563,
        "timestamp": 1498867200000,
      },
      Object {
        "percentage": 0.21959371923096854,
        "timestamp": 1501545600000,
      },
      Object {
        "percentage": 0.23889462809917356,
        "timestamp": 1504224000000,
      },
      Object {
        "percentage": 0.22953623393407102,
        "timestamp": 1506816000000,
      },
      Object {
        "percentage": 0.23825330545438753,
        "timestamp": 1509494400000,
      },
      Object {
        "percentage": 0.2364701104400571,
        "timestamp": 1512086400000,
      },
      Object {
        "percentage": 0.23323907632309882,
        "timestamp": 1514764800000,
      },
      Object {
        "percentage": 0.2333600589266741,
        "timestamp": 1517443200000,
      },
      Object {
        "percentage": 0.22518273274461234,
        "timestamp": 1519862400000,
      },
      Object {
        "percentage": 0.2176039119804401,
        "timestamp": 1522540800000,
      },
      Object {
        "percentage": 0.22118960228060341,
        "timestamp": 1525132800000,
      },
      Object {
        "percentage": 0.2168697481474478,
        "timestamp": 1527811200000,
      },
      Object {
        "percentage": 0.2214765100671141,
        "timestamp": 1530403200000,
      },
      Object {
        "percentage": 0.23084983300224846,
        "timestamp": 1533081600000,
      },
      Object {
        "percentage": 0.21285100948484864,
        "timestamp": 1535760000000,
      },
      Object {
        "percentage": 0.1982082346934039,
        "timestamp": 1538352000000,
      },
      Object {
        "percentage": 0.19699845983022315,
        "timestamp": 1541030400000,
      },
      Object {
        "percentage": 0.19571346453891003,
        "timestamp": 1543640400000,
      },
      Object {
        "percentage": 0.18386696280130768,
        "timestamp": 1546318800000,
      },
      Object {
        "percentage": 0.18791653009942094,
        "timestamp": 1548997200000,
      },
      Object {
        "percentage": 0.18772597563928037,
        "timestamp": 1551416400000,
      },
      Object {
        "percentage": 0.17978291706673305,
        "timestamp": 1554091200000,
      },
      Object {
        "percentage": 0.17306744585821662,
        "timestamp": 1556683200000,
      },
      Object {
        "percentage": 0.16567210431383145,
        "timestamp": 1559361600000,
      },
      Object {
        "percentage": 0.15980086931672907,
        "timestamp": 1561953600000,
      },
      Object {
        "percentage": 0.15628752330018258,
        "timestamp": 1564632000000,
      },
      Object {
        "percentage": 0.15385309850359993,
        "timestamp": 1567310400000,
      },
      Object {
        "percentage": 0.1517224411283378,
        "timestamp": 1569902400000,
      },
      Object {
        "percentage": 0.1408696103472436,
        "timestamp": 1572580800000,
      },
      Object {
        "percentage": 0.13804893361926482,
        "timestamp": 1575176400000,
      },
    ],
    "installationsPercentagePerVersion": Array [
      Object {
        "percentage": 0.1376707173627737,
        "version": "1.2",
      },
      Object {
        "percentage": 0.0003782162564911365,
        "version": "1.3-SNAPSHOT (private)",
      },
    ],
    "trend": -15,
  },
  "title": "iOS Device connector",
  "url": "http://updates.jenkins-ci.org/download/plugins/ios-device-connector/1.2/ios-device-connector.hpi",
  "version": "1.2",
  "wiki": Object {
    "content": "


<p>This plugin lists up all the iOS devices connected to the master and all the Jenkins slaves, and provide operations to them.</p>

<p>Specifically, the current version provides the following functionalities:</p>

<ul>
	<li>UI that lists all the connected devices and their properties.</li>
	<li>Build step that lets you deploy *.ipa to a device (a build running on one slave can deploy app to iOS connected to another slave.)</li>
	<li>Web UI and CLI commands to deploy *.ipa</li>
</ul>


<p><a href=\\"http://i.imgur.com/LB2Tb.png\\" class=\\"external-link\\" rel=\\"nofollow\\"><span class=\\"confluence-embedded-file-wrapper confluence-embedded-manual-size\\"><img class=\\"confluence-embedded-image confluence-external-resource\\" width=\\"400\\" src=\\"http://i.imgur.com/LB2Tb.png\\" data-image-src=\\"http://i.imgur.com/LB2Tb.png\\"></span></a> <a href=\\"http://i.imgur.com/wTLVR.png\\" class=\\"external-link\\" rel=\\"nofollow\\"><span class=\\"confluence-embedded-file-wrapper confluence-embedded-manual-size\\"><img class=\\"confluence-embedded-image confluence-external-resource\\" width=\\"400\\" src=\\"http://i.imgur.com/wTLVR.png\\" data-image-src=\\"http://i.imgur.com/wTLVR.png\\"></span></a></p>

<h1 id=\\"iOSDeviceConnectorPlugin-Feedbackrequested\\">Feedback requested</h1>
<p>This plugin came into being as a Kohsuke's post-JavaOne hobby project, to explore what needs to be done in order to make iOS app development properly automated. If you do iOS app development for real, please let us know what needs to be done!</p>


<h1 id=\\"iOSDeviceConnectorPlugin-Changelog\\">Changelog</h1>
<h3 id=\\"iOSDeviceConnectorPlugin-Version1.2(Oct10,2012)\\">Version 1.2 (Oct 10, 2012)</h3>
<ul>
	<li>Devices can be attribuetd to a wrong computer (<a href=\\"https://issues.jenkins-ci.org/browse/JENKINS-15446\\">JENKINS-15446</a>)</li>
</ul>


<h3 id=\\"iOSDeviceConnectorPlugin-Version1.1(Oct8,2012)\\">Version 1.1 (Oct 8, 2012)</h3>
<ul>
	<li>Icon images were broken</li>
	<li>Ignore slaves that are marked offline.</li>
</ul>


<h3 id=\\"iOSDeviceConnectorPlugin-Version1.0(Oct7,2012)\\">Version 1.0 (Oct 7, 2012)</h3>
<ul>
	<li>Initial release</li>
</ul>",
    "url": "https://wiki.jenkins-ci.org/display/JENKINS/iOS+Device+Connector+Plugin",
  },
}
`;
